Archive member included to satisfy reference by file (symbol)

D:/software/STMicroelectronics/STM32Cube/STM32CubeCLT_1.16.0/GNU-tools-for-STM32/bin/../lib/gcc/arm-none-eabi/12.3.1/thumb/v7e-m/nofp\libgcc.a(_aeabi_uldivmod.o)
                              CMakeFiles/LED.elf.dir/Drivers/STM32F4xx_HAL_Driver/Src/stm32f4xx_hal_rcc.c.obj (__aeabi_uldivmod)
D:/software/STMicroelectronics/STM32Cube/STM32CubeCLT_1.16.0/GNU-tools-for-STM32/bin/../lib/gcc/arm-none-eabi/12.3.1/thumb/v7e-m/nofp\libgcc.a(_udivmoddi4.o)
                              D:/software/STMicroelectronics/STM32Cube/STM32CubeCLT_1.16.0/GNU-tools-for-STM32/bin/../lib/gcc/arm-none-eabi/12.3.1/thumb/v7e-m/nofp\libgcc.a(_aeabi_uldivmod.o) (__udivmoddi4)
D:/software/STMicroelectronics/STM32Cube/STM32CubeCLT_1.16.0/GNU-tools-for-STM32/bin/../lib/gcc/arm-none-eabi/12.3.1/thumb/v7e-m/nofp\libgcc.a(_dvmd_tls.o)
                              D:/software/STMicroelectronics/STM32Cube/STM32CubeCLT_1.16.0/GNU-tools-for-STM32/bin/../lib/gcc/arm-none-eabi/12.3.1/thumb/v7e-m/nofp\libgcc.a(_aeabi_uldivmod.o) (__aeabi_ldiv0)
D:/software/STMicroelectronics/STM32Cube/STM32CubeCLT_1.16.0/GNU-tools-for-STM32/bin/../lib/gcc/arm-none-eabi/12.3.1/../../../../arm-none-eabi/lib/thumb/v7e-m/nofp\libg.a(libc_a-exit.o)
                              D:/software/STMicroelectronics/STM32Cube/STM32CubeCLT_1.16.0/GNU-tools-for-STM32/bin/../lib/gcc/arm-none-eabi/12.3.1/../../../../arm-none-eabi/lib/thumb/v7e-m/nofp/crt0.o (exit)
D:/software/STMicroelectronics/STM32Cube/STM32CubeCLT_1.16.0/GNU-tools-for-STM32/bin/../lib/gcc/arm-none-eabi/12.3.1/../../../../arm-none-eabi/lib/thumb/v7e-m/nofp\libg.a(libc_a-findfp.o)
                              D:/software/STMicroelectronics/STM32Cube/STM32CubeCLT_1.16.0/GNU-tools-for-STM32/bin/../lib/gcc/arm-none-eabi/12.3.1/../../../../arm-none-eabi/lib/thumb/v7e-m/nofp\libg.a(libc_a-exit.o) (__stdio_exit_handler)
D:/software/STMicroelectronics/STM32Cube/STM32CubeCLT_1.16.0/GNU-tools-for-STM32/bin/../lib/gcc/arm-none-eabi/12.3.1/../../../../arm-none-eabi/lib/thumb/v7e-m/nofp\libg.a(libc_a-fwalk.o)
                              D:/software/STMicroelectronics/STM32Cube/STM32CubeCLT_1.16.0/GNU-tools-for-STM32/bin/../lib/gcc/arm-none-eabi/12.3.1/../../../../arm-none-eabi/lib/thumb/v7e-m/nofp\libg.a(libc_a-findfp.o) (_fwalk_sglue)
D:/software/STMicroelectronics/STM32Cube/STM32CubeCLT_1.16.0/GNU-tools-for-STM32/bin/../lib/gcc/arm-none-eabi/12.3.1/../../../../arm-none-eabi/lib/thumb/v7e-m/nofp\libg.a(libc_a-stdio.o)
                              D:/software/STMicroelectronics/STM32Cube/STM32CubeCLT_1.16.0/GNU-tools-for-STM32/bin/../lib/gcc/arm-none-eabi/12.3.1/../../../../arm-none-eabi/lib/thumb/v7e-m/nofp\libg.a(libc_a-findfp.o) (__sread)
D:/software/STMicroelectronics/STM32Cube/STM32CubeCLT_1.16.0/GNU-tools-for-STM32/bin/../lib/gcc/arm-none-eabi/12.3.1/../../../../arm-none-eabi/lib/thumb/v7e-m/nofp\libg.a(libc_a-memset.o)
                              D:/software/STMicroelectronics/STM32Cube/STM32CubeCLT_1.16.0/GNU-tools-for-STM32/bin/../lib/gcc/arm-none-eabi/12.3.1/../../../../arm-none-eabi/lib/thumb/v7e-m/nofp/crt0.o (memset)
D:/software/STMicroelectronics/STM32Cube/STM32CubeCLT_1.16.0/GNU-tools-for-STM32/bin/../lib/gcc/arm-none-eabi/12.3.1/../../../../arm-none-eabi/lib/thumb/v7e-m/nofp\libg.a(libc_a-closer.o)
                              D:/software/STMicroelectronics/STM32Cube/STM32CubeCLT_1.16.0/GNU-tools-for-STM32/bin/../lib/gcc/arm-none-eabi/12.3.1/../../../../arm-none-eabi/lib/thumb/v7e-m/nofp\libg.a(libc_a-stdio.o) (_close_r)
D:/software/STMicroelectronics/STM32Cube/STM32CubeCLT_1.16.0/GNU-tools-for-STM32/bin/../lib/gcc/arm-none-eabi/12.3.1/../../../../arm-none-eabi/lib/thumb/v7e-m/nofp\libg.a(libc_a-reent.o)
                              D:/software/STMicroelectronics/STM32Cube/STM32CubeCLT_1.16.0/GNU-tools-for-STM32/bin/../lib/gcc/arm-none-eabi/12.3.1/../../../../arm-none-eabi/lib/thumb/v7e-m/nofp\libg.a(libc_a-closer.o) (errno)
D:/software/STMicroelectronics/STM32Cube/STM32CubeCLT_1.16.0/GNU-tools-for-STM32/bin/../lib/gcc/arm-none-eabi/12.3.1/../../../../arm-none-eabi/lib/thumb/v7e-m/nofp\libg.a(libc_a-impure.o)
                              D:/software/STMicroelectronics/STM32Cube/STM32CubeCLT_1.16.0/GNU-tools-for-STM32/bin/../lib/gcc/arm-none-eabi/12.3.1/../../../../arm-none-eabi/lib/thumb/v7e-m/nofp\libg.a(libc_a-reent.o) (_impure_ptr)
D:/software/STMicroelectronics/STM32Cube/STM32CubeCLT_1.16.0/GNU-tools-for-STM32/bin/../lib/gcc/arm-none-eabi/12.3.1/../../../../arm-none-eabi/lib/thumb/v7e-m/nofp\libg.a(libc_a-lseekr.o)
                              D:/software/STMicroelectronics/STM32Cube/STM32CubeCLT_1.16.0/GNU-tools-for-STM32/bin/../lib/gcc/arm-none-eabi/12.3.1/../../../../arm-none-eabi/lib/thumb/v7e-m/nofp\libg.a(libc_a-stdio.o) (_lseek_r)
D:/software/STMicroelectronics/STM32Cube/STM32CubeCLT_1.16.0/GNU-tools-for-STM32/bin/../lib/gcc/arm-none-eabi/12.3.1/../../../../arm-none-eabi/lib/thumb/v7e-m/nofp\libg.a(libc_a-readr.o)
[...]
Memory Configuration

Name             Origin             Length             Attributes
CCMRAM           0x10000000         0x00010000         xrw
RAM              0x20000000         0x00030000         xrw
FLASH            0x08000000         0x00200000         xr
*default*        0x00000000         0xffffffff

Linker script and memory map

LOAD D:/software/STMicroelectronics/STM32Cube/STM32CubeCLT_1.16.0/GNU-tools-for-STM32/bin/../lib/gcc/arm-none-eabi/12.3.1/thumb/v7e-m/nofp/crti.o
LOAD D:/software/STMicroelectronics/STM32Cube/STM32CubeCLT_1.16.0/GNU-tools-for-STM32/bin/../lib/gcc/arm-none-eabi/12.3.1/thumb/v7e-m/nofp/crtbegin.o
LOAD D:/software/STMicroelectronics/STM32Cube/STM32CubeCLT_1.16.0/GNU-tools-for-STM32/bin/../lib/gcc/arm-none-eabi/12.3.1/../../../../arm-none-eabi/lib/thumb/v7e-m/nofp/crt0.o
LOAD CMakeFiles/LED.elf.dir/Core/Src/main.c.obj
LOAD CMakeFiles/LED.elf.dir/Core/Src/stm32f4xx_hal_msp.c.obj
LOAD CMakeFiles/LED.elf.dir/Core/Src/stm32f4xx_it.c.obj
LOAD CMakeFiles/LED.elf.dir/Core/Src/syscalls.c.obj
LOAD CMakeFiles/LED.elf.dir/Core/Src/sysmem.c.obj
LOAD CMakeFiles/LED.elf.dir/Core/Src/system_stm32f4xx.c.obj
LOAD CMakeFiles/LED.elf.dir/Core/Startup/startup_stm32f427iihx.s.obj
LOAD CMakeFiles/LED.elf.dir/Drivers/STM32F4xx_HAL_Driver/Src/stm32f4xx_hal.c.obj
LOAD CMakeFiles/LED.elf.dir/Drivers/STM32F4xx_HAL_Driver/Src/stm32f4xx_hal_cortex.c.obj
LOAD CMakeFiles/LED.elf.dir/Drivers/STM32F4xx_HAL_Driver/Src/stm32f4xx_hal_dma.c.obj
LOAD CMakeFiles/LED.elf.dir/Drivers/STM32F4xx_HAL_Driver/Src/stm32f4xx_hal_dma_ex.c.obj
LOAD CMakeFiles/LED.elf.dir/Drivers/STM32F4xx_HAL_Driver/Src/stm32f4xx_hal_exti.c.obj
LOAD CMakeFiles/LED.elf.dir/Drivers/STM32F4xx_HAL_Driver/Src/stm32f4xx_hal_flash.c.obj
LOAD CMakeFiles/LED.elf.dir/Drivers/STM32F4xx_HAL_Driver/Src/stm32f4xx_hal_flash_ex.c.obj
LOAD CMakeFiles/LED.elf.dir/Drivers/STM32F4xx_HAL_Driver/Src/stm32f4xx_hal_flash_ramfunc.c.obj
LOAD CMakeFiles/LED.elf.dir/Drivers/STM32F4xx_HAL_Driver/Src/stm32f4xx_hal_gpio.c.obj
LOAD CMakeFiles/LED.elf.dir/Drivers/STM32F4xx_HAL_Driver/Src/stm32f4xx_hal_pwr.c.obj
LOAD CMakeFiles/LED.elf.dir/Drivers/STM32F4xx_HAL_Driver/Src/stm32f4xx_hal_pwr_ex.c.obj
LOAD CMakeFiles/LED.elf.dir/Drivers/STM32F4xx_HAL_Driver/Src/stm32f4xx_hal_rcc.c.obj
LOAD CMakeFiles/LED.elf.dir/Drivers/STM32F4xx_HAL_Driver/Src/stm32f4xx_hal_rcc_ex.c.obj
LOAD CMakeFiles/LED.elf.dir/Drivers/STM32F4xx_HAL_Driver/Src/stm32f4xx_hal_tim.c.obj
LOAD CMakeFiles/LED.elf.dir/Drivers/STM32F4xx_HAL_Driver/Src/stm32f4xx_hal_tim_ex.c.obj
START GROUP
LOAD D:/software/STMicroelectronics/STM32Cube/STM32CubeCLT_1.16.0/GNU-tools-for-STM32/bin/../lib/gcc/arm-none-eabi/12.3.1/thumb/v7e-m/nofp\libgcc.a
LOAD D:/software/STMicroelectronics/STM32Cube/STM32CubeCLT_1.16.0/GNU-tools-for-STM32/bin/../lib/gcc/arm-none-eabi/12.3.1/../../../../arm-none-eabi/lib/thumb/v7e-m/nofp\libg.a
LOAD D:/software/STMicroelectronics/STM32Cube/STM32CubeCLT_1.16.0/GNU-tools-for-STM32/bin/../lib/gcc/arm-none-eabi/12.3.1/../../../../arm-none-eabi/lib/thumb/v7e-m/nofp\libc.a
END GROUP
LOAD D:/software/STMicroelectronics/STM32Cube/STM32CubeCLT_1.16.0/GNU-tools-for-STM32/bin/../lib/gcc/arm-none-eabi/12.3.1/thumb/v7e-m/nofp/crtend.o
LOAD D:/software/STMicroelectronics/STM32Cube/STM32CubeCLT_1.16.0/GNU-tools-for-STM32/bin/../lib/gcc/arm-none-eabi/12.3.1/thumb/v7e-m/nofp/crtn.o
                0x20030000                        _estack = (ORIGIN (RAM) + LENGTH (RAM))
                0x00000200                        _Min_Heap_Size = 0x200
                0x00000400                        _Min_Stack_Size = 0x400

.isr_vector     0x08000000      0x1ac
                0x08000000                        . = ALIGN (0x4)
 *(.isr_vector)
 .isr_vector    0x08000000      0x1ac CMakeFiles/LED.elf.dir/Core/Startup/startup_stm32f427iihx.s.obj
                0x08000000                g_pfnVectors
                0x080001ac                        . = ALIGN (0x4)

.text           0x080001ac      0xd28
                0x080001ac                        . = ALIGN (0x4)
 *(.text)
 .text          0x080001ac       0x40 D:/software/STMicroelectronics/STM32Cube/STM32CubeCLT_1.16.0/GNU-tools-for-STM32/bin/../lib/gcc/arm-none-eabi/12.3.1/thumb/v7e-m/nofp/crtbegin.o
 .text          0x080001ec       0x30 D:/software/STMicroelectronics/STM32Cube/STM32CubeCLT_1.16.0/GNU-tools-for-STM32/bin/../lib/gcc/arm-none-eabi/12.3.1/thumb/v7e-m/nofp\libgcc.a(_aeabi_uldivmod.o)
                0x080001ec                __aeabi_uldivmod
 .text          0x0800021c      0x2bc D:/software/STMicroelectronics/STM32Cube/STM32CubeCLT_1.16.0/GNU-tools-for-STM32/bin/../lib/gcc/arm-none-eabi/12.3.1/thumb/v7e-m/nofp\libgcc.a(_udivmoddi4.o)
                0x0800021c                __udivmoddi4
 .text          0x080004d8        0x4 D:/software/STMicroelectronics/STM32Cube/STM32CubeCLT_1.16.0/GNU-tools-for-STM32/bin/../lib/gcc/arm-none-eabi/12.3.1/thumb/v7e-m/nofp\libgcc.a(_dvmd_tls.o)
                0x080004d8                __aeabi_idiv0
                0x080004d8                __aeabi_ldiv0
 *(.text*)
 .text.Error_Handler
                0x080004dc        0x4 CMakeFiles/LED.elf.dir/Core/Src/main.c.obj
                0x080004dc                Error_Handler
 .text.SystemClock_Config
                0x080004e0       0x8c CMakeFiles/LED.elf.dir/Core/Src/main.c.obj
                0x080004e0                SystemClock_Config
 .text.main     0x0800056c        0xc CMakeFiles/LED.elf.dir/Core/Src/main.c.obj
                0x0800056c                main
 .text.HAL_MspInit
                0x08000578       0x38 CMakeFiles/LED.elf.dir/Core/Src/stm32f4xx_hal_msp.c.obj
                0x08000578                HAL_MspInit
 .text.NMI_Handler
                0x080005b0        0x2 CMakeFiles/LED.elf.dir/Core/Src/stm32f4xx_it.c.obj
                0x080005b0                NMI_Handler
 .text.HardFault_Handler
                0x080005b2        0x2 CMakeFiles/LED.elf.dir/Core/Src/stm32f4xx_it.c.obj
                0x080005b2                HardFault_Handler
 .text.MemManage_Handler
                0x080005b4        0x2 CMakeFiles/LED.elf.dir/Core/Src/stm32f4xx_it.c.obj
                0x080005b4                MemManage_Handler
 .text.BusFault_Handler
                0x080005b6        0x2 CMakeFiles/LED.elf.dir/Core/Src/stm32f4xx_it.c.obj
                0x080005b6                BusFault_Handler
 .text.UsageFault_Handler
                0x080005b8        0x2 CMakeFiles/LED.elf.dir/Core/Src/stm32f4xx_it.c.obj
                0x080005b8                UsageFault_Handler
 .text.SVC_Handler
                0x080005ba        0x2 CMakeFiles/LED.elf.dir/Core/Src/stm32f4xx_it.c.obj
                0x080005ba                SVC_Handler
 .text.DebugMon_Handler
                0x080005bc        0x2 CMakeFiles/LED.elf.dir/Core/Src/stm32f4xx_it.c.obj
                0x080005bc                DebugMon_Handler
 .text.PendSV_Handler
                0x080005be        0x2 CMakeFiles/LED.elf.dir/Core/Src/stm32f4xx_it.c.obj
                0x080005be                PendSV_Handler
 .text.SysTick_Handler
                0x080005c0        0x8 CMakeFiles/LED.elf.dir/Core/Src/stm32f4xx_it.c.obj
                0x080005c0                SysTick_Handler
 .text.SystemInit
                0x080005c8        0x2 CMakeFiles/LED.elf.dir/Core/Src/system_stm32f4xx.c.obj
                0x080005c8                SystemInit
 *fill*         0x080005ca        0x2 
 .text.Reset_Handler
                0x080005cc       0x50 CMakeFiles/LED.elf.dir/Core/Startup/startup_stm32f427iihx.s.obj
                0x080005cc                Reset_Handler
 .text.Default_Handler
                0x0800061c        0x2 CMakeFiles/LED.elf.dir/Core/Startup/startup_stm32f427iihx.s.obj
                0x0800061c                RTC_Alarm_IRQHandler
                0x0800061c                HASH_RNG_IRQHandler
                0x0800061c                EXTI2_IRQHandler
                0x0800061c                TIM8_CC_IRQHandler
                0x0800061c                UART8_IRQHandler
                0x0800061c                SPI4_IRQHandler
                0x0800061c                TIM1_CC_IRQHandler
                0x0800061c                DMA2_Stream5_IRQHandler
                0x0800061c                DMA1_Stream5_IRQHandler
                0x0800061c                PVD_IRQHandler
                0x0800061c                SDIO_IRQHandler
                0x0800061c                TAMP_STAMP_IRQHandler
                0x0800061c                CAN2_RX1_IRQHandler
                0x0800061c                EXTI3_IRQHandler
                0x0800061c                TIM8_TRG_COM_TIM14_IRQHandler
                0x0800061c                TIM1_UP_TIM10_IRQHandler
                0x0800061c                TIM8_UP_TIM13_IRQHandler
                0x0800061c                I2C3_ER_IRQHandler
                0x0800061c                EXTI0_IRQHandler
                0x0800061c                I2C2_EV_IRQHandler
                0x0800061c                DMA1_Stream2_IRQHandler
                0x0800061c                CAN1_RX0_IRQHandler
                0x0800061c                FPU_IRQHandler
                0x0800061c                OTG_HS_WKUP_IRQHandler
                0x0800061c                CAN2_SCE_IRQHandler
                0x0800061c                DMA2_Stream2_IRQHandler
                0x0800061c                SPI1_IRQHandler
                0x0800061c                TIM6_DAC_IRQHandler
                0x0800061c                TIM1_BRK_TIM9_IRQHandler
                0x0800061c                DCMI_IRQHandler
                0x0800061c                CAN2_RX0_IRQHandler
                0x0800061c                DMA2_Stream3_IRQHandler
                0x0800061c                USART6_IRQHandler
                0x0800061c                USART3_IRQHandler
                0x0800061c                CAN1_RX1_IRQHandler
                0x0800061c                UART5_IRQHandler
                0x0800061c                DMA2_Stream0_IRQHandler
                0x0800061c                TIM4_IRQHandler
                0x0800061c                I2C1_EV_IRQHandler
                0x0800061c                DMA1_Stream6_IRQHandler
                0x0800061c                DMA1_Stream1_IRQHandler
                0x0800061c                UART4_IRQHandler
                0x0800061c                TIM3_IRQHandler
                0x0800061c                RCC_IRQHandler
                0x0800061c                TIM8_BRK_TIM12_IRQHandler
                0x0800061c                Default_Handler
                0x0800061c                EXTI15_10_IRQHandler
                0x0800061c                ADC_IRQHandler
                0x0800061c                DMA1_Stream7_IRQHandler
                0x0800061c                SPI5_IRQHandler
                0x0800061c                TIM7_IRQHandler
                0x0800061c                CAN2_TX_IRQHandler
                0x0800061c                TIM5_IRQHandler
                0x0800061c                DMA2_Stream7_IRQHandler
                0x0800061c                I2C3_EV_IRQHandler
                0x0800061c                EXTI9_5_IRQHandler
                0x0800061c                RTC_WKUP_IRQHandler
                0x0800061c                ETH_WKUP_IRQHandler
                0x0800061c                SPI2_IRQHandler
                0x0800061c                OTG_HS_EP1_IN_IRQHandler
                0x0800061c                DMA1_Stream0_IRQHandler
                0x0800061c                CAN1_TX_IRQHandler
                0x0800061c                EXTI4_IRQHandler
                0x0800061c                ETH_IRQHandler
                0x0800061c                OTG_HS_EP1_OUT_IRQHandler
                0x0800061c                WWDG_IRQHandler
                0x0800061c                SPI6_IRQHandler
                0x0800061c                TIM2_IRQHandler
                0x0800061c                OTG_FS_WKUP_IRQHandler
                0x0800061c                TIM1_TRG_COM_TIM11_IRQHandler
                0x0800061c                OTG_HS_IRQHandler
                0x0800061c                DMA2D_IRQHandler
                0x0800061c                EXTI1_IRQHandler
                0x0800061c                UART7_IRQHandler
                0x0800061c                USART2_IRQHandler
                0x0800061c                I2C2_ER_IRQHandler
                0x0800061c                DMA2_Stream1_IRQHandler
                0x0800061c                CAN1_SCE_IRQHandler
                0x0800061c                FLASH_IRQHandler
                0x0800061c                DMA2_Stream4_IRQHandler
                0x0800061c                USART1_IRQHandler
                0x0800061c                OTG_FS_IRQHandler
                0x0800061c                SPI3_IRQHandler
                0x0800061c                DMA1_Stream4_IRQHandler
                0x0800061c                I2C1_ER_IRQHandler
                0x0800061c                FMC_IRQHandler
                0x0800061c                DMA2_Stream6_IRQHandler
                0x0800061c                SAI1_IRQHandler
                0x0800061c                DMA1_Stream3_IRQHandler
 *fill*         0x0800061e        0x2 
 .text.HAL_InitTick
                0x08000620       0x4c CMakeFiles/LED.elf.dir/Drivers/STM32F4xx_HAL_Driver/Src/stm32f4xx_hal.c.obj
                0x08000620                HAL_InitTick
 .text.HAL_Init
                0x0800066c       0x34 CMakeFiles/LED.elf.dir/Drivers/STM32F4xx_HAL_Driver/Src/stm32f4xx_hal.c.obj
                0x0800066c                HAL_Init
 .text.HAL_IncTick
                0x080006a0       0x18 CMakeFiles/LED.elf.dir/Drivers/STM32F4xx_HAL_Driver/Src/stm32f4xx_hal.c.obj
                0x080006a0                HAL_IncTick
 .text.HAL_GetTick
                0x080006b8        0xc CMakeFiles/LED.elf.dir/Drivers/STM32F4xx_HAL_Driver/Src/stm32f4xx_hal.c.obj
                0x080006b8                HAL_GetTick
 .text.__NVIC_SetPriority
                0x080006c4       0x28 CMakeFiles/LED.elf.dir/Drivers/STM32F4xx_HAL_Driver/Src/stm32f4xx_hal_cortex.c.obj
 .text.NVIC_EncodePriority
                0x080006ec       0x3e CMakeFiles/LED.elf.dir/Drivers/STM32F4xx_HAL_Driver/Src/stm32f4xx_hal_cortex.c.obj
 *fill*         0x0800072a        0x2 
 .text.HAL_NVIC_SetPriorityGrouping
                0x0800072c       0x24 CMakeFiles/LED.elf.dir/Drivers/STM32F4xx_HAL_Driver/Src/stm32f4xx_hal_cortex.c.obj
                0x0800072c                HAL_NVIC_SetPriorityGrouping
 .text.HAL_NVIC_SetPriority
                0x08000750       0x20 CMakeFiles/LED.elf.dir/Drivers/STM32F4xx_HAL_Driver/Src/stm32f4xx_hal_cortex.c.obj
                0x08000750                HAL_NVIC_SetPriority
 .text.HAL_SYSTICK_Config
                0x08000770       0x28 CMakeFiles/LED.elf.dir/Drivers/STM32F4xx_HAL_Driver/Src/stm32f4xx_hal_cortex.c.obj
                0x08000770                HAL_SYSTICK_Config
 .text.HAL_RCC_OscConfig
                0x08000798      0x3f8 CMakeFiles/LED.elf.dir/Drivers/STM32F4xx_HAL_Driver/Src/stm32f4xx_hal_rcc.c.obj
                0x08000798                HAL_RCC_OscConfig
 .text.HAL_RCC_GetSysClockFreq
                0x08000b90       0xa8 CMakeFiles/LED.elf.dir/Drivers/STM32F4xx_HAL_Driver/Src/stm32f4xx_hal_rcc.c.obj
                0x08000b90                HAL_RCC_GetSysClockFreq
 .text.HAL_RCC_ClockConfig
                0x08000c38      0x160 CMakeFiles/LED.elf.dir/Drivers/STM32F4xx_HAL_Driver/Src/stm32f4xx_hal_rcc.c.obj
                0x08000c38                HAL_RCC_ClockConfig
 .text.memset   0x08000d98       0x10 D:/software/STMicroelectronics/STM32Cube/STM32CubeCLT_1.16.0/GNU-tools-for-STM32/bin/../lib/gcc/arm-none-eabi/12.3.1/../../../../arm-none-eabi/lib/thumb/v7e-m/nofp\libg.a(libc_a-memset.o)
                0x08000d98                memset
 .text.__libc_init_array
                0x08000da8       0x48 D:/software/STMicroelectronics/STM32Cube/STM32CubeCLT_1.16.0/GNU-tools-for-STM32/bin/../lib/gcc/arm-none-eabi/12.3.1/../../../../arm-none-eabi/lib/thumb/v7e-m/nofp\libg.a(libc_a-init.o)
                0x08000da8                __libc_init_array
 .text.__retarget_lock_acquire_recursive
                0x08000df0        0x2 D:/software/STMicroelectronics/STM32Cube/STM32CubeCLT_1.16.0/GNU-tools-for-STM32/bin/../lib/gcc/arm-none-eabi/12.3.1/../../../../arm-none-eabi/lib/thumb/v7e-m/nofp\libg.a(libc_a-lock.o)
                0x08000df0                __retarget_lock_acquire_recursive
 .text.__retarget_lock_release_recursive
                0x08000df2        0x2 D:/software/STMicroelectronics/STM32Cube/STM32CubeCLT_1.16.0/GNU-tools-for-STM32/bin/../lib/gcc/arm-none-eabi/12.3.1/../../../../arm-none-eabi/lib/thumb/v7e-m/nofp\libg.a(libc_a-lock.o)
                0x08000df2                __retarget_lock_release_recursive
 .text.startup.register_fini
                0x08000df4       0x14 D:/software/STMicroelectronics/STM32Cube/STM32CubeCLT_1.16.0/GNU-tools-for-STM32/bin/../lib/gcc/arm-none-eabi/12.3.1/../../../../arm-none-eabi/lib/thumb/v7e-m/nofp\libg.a(libc_a-__call_atexit.o)
 .text.atexit   0x08000e08        0xc D:/software/STMicroelectronics/STM32Cube/STM32CubeCLT_1.16.0/GNU-tools-for-STM32/bin/../lib/gcc/arm-none-eabi/12.3.1/../../../../arm-none-eabi/lib/thumb/v7e-m/nofp\libg.a(libc_a-atexit.o)
                0x08000e08                atexit
 .text.__libc_fini_array
                0x08000e14       0x28 D:/software/STMicroelectronics/STM32Cube/STM32CubeCLT_1.16.0/GNU-tools-for-STM32/bin/../lib/gcc/arm-none-eabi/12.3.1/../../../../arm-none-eabi/lib/thumb/v7e-m/nofp\libg.a(libc_a-fini.o)
                0x08000e14                __libc_fini_array
 .text.__register_exitproc
                0x08000e3c       0x80 D:/software/STMicroelectronics/STM32Cube/STM32CubeCLT_1.16.0/GNU-tools-for-STM32/bin/../lib/gcc/arm-none-eabi/12.3.1/../../../../arm-none-eabi/lib/thumb/v7e-m/nofp\libg.a(libc_a-__atexit.o)
                0x08000e3c                __register_exitproc
 *(.glue_7)
 .glue_7        0x08000ebc        0x0 linker stubs
 *(.glue_7t)
 .glue_7t       0x08000ebc        0x0 linker stubs
 *(.eh_frame)
 .eh_frame      0x08000ebc        0x0 D:/software/STMicroelectronics/STM32Cube/STM32CubeCLT_1.16.0/GNU-tools-for-STM32/bin/../lib/gcc/arm-none-eabi/12.3.1/thumb/v7e-m/nofp/crtbegin.o
 *(.init)
 .init          0x08000ebc        0x4 D:/software/STMicroelectronics/STM32Cube/STM32CubeCLT_1.16.0/GNU-tools-for-STM32/bin/../lib/gcc/arm-none-eabi/12.3.1/thumb/v7e-m/nofp/crti.o
                0x08000ebc                _init
 .init          0x08000ec0        0x8 D:/software/STMicroelectronics/STM32Cube/STM32CubeCLT_1.16.0/GNU-tools-for-STM32/bin/../lib/gcc/arm-none-eabi/12.3.1/thumb/v7e-m/nofp/crtn.o
 *(.fini)
 .fini          0x08000ec8        0x4 D:/software/STMicroelectronics/STM32Cube/STM32CubeCLT_1.16.0/GNU-tools-for-STM32/bin/../lib/gcc/arm-none-eabi/12.3.1/thumb/v7e-m/nofp/crti.o
                0x08000ec8                _fini
 .fini          0x08000ecc        0x8 D:/software/STMicroelectronics/STM32Cube/STM32CubeCLT_1.16.0/GNU-tools-for-STM32/bin/../lib/gcc/arm-none-eabi/12.3.1/thumb/v7e-m/nofp/crtn.o
                0x08000ed4                        . = ALIGN (0x4)
                0x08000ed4                        _etext = .

.vfp11_veneer   0x08000ed4        0x0
 .vfp11_veneer  0x08000ed4        0x0 linker stubs

.v4_bx          0x08000ed4        0x0
 .v4_bx         0x08000ed4        0x0 linker stubs

.iplt           0x08000ed4        0x0
 .iplt          0x08000ed4        0x0 D:/software/STMicroelectronics/STM32Cube/STM32CubeCLT_1.16.0/GNU-tools-for-STM32/bin/../lib/gcc/arm-none-eabi/12.3.1/thumb/v7e-m/nofp/crtbegin.o

.rodata         0x08000ed4       0x10
                0x08000ed4                        . = ALIGN (0x4)
 *(.rodata)
 *(.rodata*)
 .rodata.AHBPrescTable
                0x08000ed4       0x10 CMakeFiles/LED.elf.dir/Core/Src/system_stm32f4xx.c.obj
                0x08000ed4                AHBPrescTable
                0x08000ee4                        . = ALIGN (0x4)

.ARM.extab      0x08000ee4        0x0
                0x08000ee4                        . = ALIGN (0x4)
 *(.ARM.extab* .gnu.linkonce.armextab.*)
                0x08000ee4                        . = ALIGN (0x4)

.ARM            0x08000ee4        0x8
                0x08000ee4                        . = ALIGN (0x4)
                0x08000ee4                        __exidx_start = .
 *(.ARM.exidx*)
 .ARM.exidx     0x08000ee4        0x8 D:/software/STMicroelectronics/STM32Cube/STM32CubeCLT_1.16.0/GNU-tools-for-STM32/bin/../lib/gcc/arm-none-eabi/12.3.1/thumb/v7e-m/nofp\libgcc.a(_udivmoddi4.o)
                0x08000eec                        __exidx_end = .
                0x08000eec                        . = ALIGN (0x4)

.preinit_array  0x08000eec        0x0
                0x08000eec                        . = ALIGN (0x4)
                0x08000eec                        PROVIDE (__preinit_array_start = .)
 *(.preinit_array*)
                0x08000eec                        PROVIDE (__preinit_array_end = .)
                0x08000eec                        . = ALIGN (0x4)

.init_array     0x08000eec        0x8
                0x08000eec                        . = ALIGN (0x4)
                0x08000eec                        PROVIDE (__init_array_start = .)
 *(SORT_BY_NAME(.init_array.*))
 .init_array.00000
                0x08000eec        0x4 D:/software/STMicroelectronics/STM32Cube/STM32CubeCLT_1.16.0/GNU-tools-for-STM32/bin/../lib/gcc/arm-none-eabi/12.3.1/../../../../arm-none-eabi/lib/thumb/v7e-m/nofp\libg.a(libc_a-__call_atexit.o)
 *(.init_array*)
 .init_array    0x08000ef0        0x4 D:/software/STMicroelectronics/STM32Cube/STM32CubeCLT_1.16.0/GNU-tools-for-STM32/bin/../lib/gcc/arm-none-eabi/12.3.1/thumb/v7e-m/nofp/crtbegin.o
                0x08000ef4                        PROVIDE (__init_array_end = .)
                0x08000ef4                        . = ALIGN (0x4)

.fini_array     0x08000ef4        0x4
                0x08000ef4                        . = ALIGN (0x4)
                0x08000ef4                        PROVIDE (__fini_array_start = .)
 *(SORT_BY_NAME(.fini_array.*))
 *(.fini_array*)
 .fini_array    0x08000ef4        0x4 D:/software/STMicroelectronics/STM32Cube/STM32CubeCLT_1.16.0/GNU-tools-for-STM32/bin/../lib/gcc/arm-none-eabi/12.3.1/thumb/v7e-m/nofp/crtbegin.o
                0x08000ef8                        PROVIDE (__fini_array_end = .)
                0x08000ef8                        . = ALIGN (0x4)
                0x08000ef8                        _sidata = LOADADDR (.data)

.rel.dyn        0x08000ef8        0x0
 .rel.iplt      0x08000ef8        0x0 D:/software/STMicroelectronics/STM32Cube/STM32CubeCLT_1.16.0/GNU-tools-for-STM32/bin/../lib/gcc/arm-none-eabi/12.3.1/thumb/v7e-m/nofp/crtbegin.o

.data           0x20000000       0x10 load address 0x08000ef8
                0x20000000                        . = ALIGN (0x4)
                0x20000000                        _sdata = .
 *(.data)
 *(.data*)
 .data.SystemCoreClock
                0x20000000        0x4 CMakeFiles/LED.elf.dir/Core/Src/system_stm32f4xx.c.obj
                0x20000000                SystemCoreClock
 .data.uwTickFreq
                0x20000004        0x1 CMakeFiles/LED.elf.dir/Drivers/STM32F4xx_HAL_Driver/Src/stm32f4xx_hal.c.obj
                0x20000004                uwTickFreq
 *fill*         0x20000005        0x3 
 .data.uwTickPrio
                0x20000008        0x4 CMakeFiles/LED.elf.dir/Drivers/STM32F4xx_HAL_Driver/Src/stm32f4xx_hal.c.obj
                0x20000008                uwTickPrio
 .data.__atexit_recursive_mutex
                0x2000000c        0x4 D:/software/STMicroelectronics/STM32Cube/STM32CubeCLT_1.16.0/GNU-tools-for-STM32/bin/../lib/gcc/arm-none-eabi/12.3.1/../../../../arm-none-eabi/lib/thumb/v7e-m/nofp\libg.a(libc_a-__call_atexit.o)
                0x2000000c                __atexit_recursive_mutex
 *(.RamFunc)
 *(.RamFunc*)
                0x20000010                        . = ALIGN (0x4)
                0x20000010                        _edata = .
                0x08000f08                        _siccmram = LOADADDR (.ccmram)

.igot.plt       0x20000010        0x0 load address 0x08000f08
 .igot.plt      0x20000010        0x0 D:/software/STMicroelectronics/STM32Cube/STM32CubeCLT_1.16.0/GNU-tools-for-STM32/bin/../lib/gcc/arm-none-eabi/12.3.1/thumb/v7e-m/nofp/crtbegin.o

.ccmram         0x10000000        0x0 load address 0x08000f08
                0x10000000                        . = ALIGN (0x4)
                0x10000000                        _sccmram = .
 *(.ccmram)
 *(.ccmram*)
                0x10000000                        . = ALIGN (0x4)
                0x10000000                        _eccmram = .
                0x10000000                        . = ALIGN (0x4)

.bss            0x20000010      0x1b8
                0x20000010                        _sbss = .
                0x20000010                        __bss_start__ = _sbss
 *(.bss)
 .bss           0x20000010       0x1c D:/software/STMicroelectronics/STM32Cube/STM32CubeCLT_1.16.0/GNU-tools-for-STM32/bin/../lib/gcc/arm-none-eabi/12.3.1/thumb/v7e-m/nofp/crtbegin.o
 *(.bss*)
 .bss.uwTick    0x2000002c        0x4 CMakeFiles/LED.elf.dir/Drivers/STM32F4xx_HAL_Driver/Src/stm32f4xx_hal.c.obj
                0x2000002c                uwTick
 .bss.__lock___atexit_recursive_mutex
                0x20000030        0x1 D:/software/STMicroelectronics/STM32Cube/STM32CubeCLT_1.16.0/GNU-tools-for-STM32/bin/../lib/gcc/arm-none-eabi/12.3.1/../../../../arm-none-eabi/lib/thumb/v7e-m/nofp\libg.a(libc_a-lock.o)
                0x20000030                __lock___atexit_recursive_mutex
 *fill*         0x20000031        0x3 
 .bss.__atexit  0x20000034        0x4 D:/software/STMicroelectronics/STM32Cube/STM32CubeCLT_1.16.0/GNU-tools-for-STM32/bin/../lib/gcc/arm-none-eabi/12.3.1/../../../../arm-none-eabi/lib/thumb/v7e-m/nofp\libg.a(libc_a-__call_atexit.o)
                0x20000034                __atexit
 .bss.__atexit0
                0x20000038      0x190 D:/software/STMicroelectronics/STM32Cube/STM32CubeCLT_1.16.0/GNU-tools-for-STM32/bin/../lib/gcc/arm-none-eabi/12.3.1/../../../../arm-none-eabi/lib/thumb/v7e-m/nofp\libg.a(libc_a-__atexit.o)
                0x20000038                __atexit0
 *(COMMON)
                0x200001c8                        . = ALIGN (0x4)
                0x200001c8                        _ebss = .
                0x200001c8                        __bss_end__ = _ebss

._user_heap_stack
                0x200001c8      0x600
                0x200001c8                        . = ALIGN (0x8)
                [!provide]                        PROVIDE (end = .)
                0x200001c8                        PROVIDE (_end = .)
                0x200003c8                        . = (. + _Min_Heap_Size)
 *fill*         0x200001c8      0x200 
                0x200007c8                        . = (. + _Min_Stack_Size)
 *fill*         0x200003c8      0x400 
                0x200007c8                        . = ALIGN (0x8)

/DISCARD/
 libc.a(*)
 libm.a(*)
 libgcc.a(*)

.ARM.attributes
                0x00000000       0x2a
 *(.ARM.attributes)
 .ARM.attributes
                0x00000000       0x1e D:/software/STMicroelectronics/STM32Cube/STM32CubeCLT_1.16.0/GNU-tools-for-STM32/bin/../lib/gcc/arm-none-eabi/12.3.1/thumb/v7e-m/nofp/crti.o
 .ARM.attributes
                0x0000001e       0x2e D:/software/STMicroelectronics/STM32Cube/STM32CubeCLT_1.16.0/GNU-tools-for-STM32/bin/../lib/gcc/arm-none-eabi/12.3.1/thumb/v7e-m/nofp/crtbegin.o
 .ARM.attributes
                0x0000004c       0x2e CMakeFiles/LED.elf.dir/Core/Src/main.c.obj
 .ARM.attributes
                0x0000007a       0x2e CMakeFiles/LED.elf.dir/Core/Src/stm32f4xx_hal_msp.c.obj
 .ARM.attributes
                0x000000a8       0x2e CMakeFiles/LED.elf.dir/Core/Src/stm32f4xx_it.c.obj
 .ARM.attributes
                0x000000d6       0x2e CMakeFiles/LED.elf.dir/Core/Src/system_stm32f4xx.c.obj
 .ARM.attributes
                0x00000104       0x21 CMakeFiles/LED.elf.dir/Core/Startup/startup_stm32f427iihx.s.obj
 .ARM.attributes
                0x00000125       0x2e CMakeFiles/LED.elf.dir/Drivers/STM32F4xx_HAL_Driver/Src/stm32f4xx_hal.c.obj
 .ARM.attributes
                0x00000153       0x2e CMakeFiles/LED.elf.dir/Drivers/STM32F4xx_HAL_Driver/Src/stm32f4xx_hal_cortex.c.obj
 .ARM.attributes
                0x00000181       0x2e CMakeFiles/LED.elf.dir/Drivers/STM32F4xx_HAL_Driver/Src/stm32f4xx_hal_rcc.c.obj
 .ARM.attributes
                0x000001af       0x1e D:/software/STMicroelectronics/STM32Cube/STM32CubeCLT_1.16.0/GNU-tools-for-STM32/bin/../lib/gcc/arm-none-eabi/12.3.1/thumb/v7e-m/nofp\libgcc.a(_aeabi_uldivmod.o)
 .ARM.attributes
                0x000001cd       0x2e D:/software/STMicroelectronics/STM32Cube/STM32CubeCLT_1.16.0/GNU-tools-for-STM32/bin/../lib/gcc/arm-none-eabi/12.3.1/thumb/v7e-m/nofp\libgcc.a(_udivmoddi4.o)
 .ARM.attributes
                0x000001fb       0x1e D:/software/STMicroelectronics/STM32Cube/STM32CubeCLT_1.16.0/GNU-tools-for-STM32/bin/../lib/gcc/arm-none-eabi/12.3.1/thumb/v7e-m/nofp\libgcc.a(_dvmd_tls.o)
 .ARM.attributes
                0x00000219       0x2e D:/software/STMicroelectronics/STM32Cube/STM32CubeCLT_1.16.0/GNU-tools-for-STM32/bin/../lib/gcc/arm-none-eabi/12.3.1/../../../../arm-none-eabi/lib/thumb/v7e-m/nofp\libg.a(libc_a-memset.o)
 .ARM.attributes
                0x00000247       0x2e D:/software/STMicroelectronics/STM32Cube/STM32CubeCLT_1.16.0/GNU-tools-for-STM32/bin/../lib/gcc/arm-none-eabi/12.3.1/../../../../arm-none-eabi/lib/thumb/v7e-m/nofp\libg.a(libc_a-init.o)
 .ARM.attributes
                0x00000275       0x2e D:/software/STMicroelectronics/STM32Cube/STM32CubeCLT_1.16.0/GNU-tools-for-STM32/bin/../lib/gcc/arm-none-eabi/12.3.1/../../../../arm-none-eabi/lib/thumb/v7e-m/nofp\libg.a(libc_a-lock.o)
 .ARM.attributes
                0x000002a3       0x2e D:/software/STMicroelectronics/STM32Cube/STM32CubeCLT_1.16.0/GNU-tools-for-STM32/bin/../lib/gcc/arm-none-eabi/12.3.1/../../../../arm-none-eabi/lib/thumb/v7e-m/nofp\libg.a(libc_a-__call_atexit.o)
 .ARM.attributes
                0x000002d1       0x2e D:/software/STMicroelectronics/STM32Cube/STM32CubeCLT_1.16.0/GNU-tools-for-STM32/bin/../lib/gcc/arm-none-eabi/12.3.1/../../../../arm-none-eabi/lib/thumb/v7e-m/nofp\libg.a(libc_a-atexit.o)
 .ARM.attributes
                0x000002ff       0x2e D:/software/STMicroelectronics/STM32Cube/STM32CubeCLT_1.16.0/GNU-tools-for-STM32/bin/../lib/gcc/arm-none-eabi/12.3.1/../../../../arm-none-eabi/lib/thumb/v7e-m/nofp\libg.a(libc_a-fini.o)
 .ARM.attributes
                0x0000032d       0x2e D:/software/STMicroelectronics/STM32Cube/STM32CubeCLT_1.16.0/GNU-tools-for-STM32/bin/../lib/gcc/arm-none-eabi/12.3.1/../../../../arm-none-eabi/lib/thumb/v7e-m/nofp\libg.a(libc_a-__atexit.o)
 .ARM.attributes
                0x0000035b       0x1e D:/software/STMicroelectronics/STM32Cube/STM32CubeCLT_1.16.0/GNU-tools-for-STM32/bin/../lib/gcc/arm-none-eabi/12.3.1/thumb/v7e-m/nofp/crtn.o
OUTPUT(LED.elf elf32-littlearm)
LOAD linker stubs
LOAD D:/software/STMicroelectronics/STM32Cube/STM32CubeCLT_1.16.0/GNU-tools-for-STM32/bin/../lib/gcc/arm-none-eabi/12.3.1/../../../../arm-none-eabi/lib/thumb/v7e-m/nofp\libc.a
LOAD D:/software/STMicroelectronics/STM32Cube/STM32CubeCLT_1.16.0/GNU-tools-for-STM32/bin/../lib/gcc/arm-none-eabi/12.3.1/../../../../arm-none-eabi/lib/thumb/v7e-m/nofp\libm.a
LOAD D:/software/STMicroelectronics/STM32Cube/STM32CubeCLT_1.16.0/GNU-tools-for-STM32/bin/../lib/gcc/arm-none-eabi/12.3.1/thumb/v7e-m/nofp\libgcc.a

.debug_info     0x00000000     0x3c49
 .debug_info    0x00000000      0x53e CMakeFiles/LED.elf.dir/Core/Src/main.c.obj
 .debug_info    0x0000053e      0x27d CMakeFiles/LED.elf.dir/Core/Src/stm32f4xx_hal_msp.c.obj
 .debug_info    0x000007bb      0x11c CMakeFiles/LED.elf.dir/Core/Src/stm32f4xx_it.c.obj
 .debug_info    0x000008d7      0x34c CMakeFiles/LED.elf.dir/Core/Src/system_stm32f4xx.c.obj
 .debug_info    0x00000c23       0x30 CMakeFiles/LED.elf.dir/Core/Startup/startup_stm32f427iihx.s.obj
 .debug_info    0x00000c53      0xa4c CMakeFiles/LED.elf.dir/Drivers/STM32F4xx_HAL_Driver/Src/stm32f4xx_hal.c.obj
 .debug_info    0x0000169f      0xfe5 CMakeFiles/LED.elf.dir/Drivers/STM32F4xx_HAL_Driver/Src/stm32f4xx_hal_cortex.c.obj
 .debug_info    0x00002684      0xa85 CMakeFiles/LED.elf.dir/Drivers/STM32F4xx_HAL_Driver/Src/stm32f4xx_hal_rcc.c.obj
 .debug_info    0x00003109       0xe0 D:/software/STMicroelectronics/STM32Cube/STM32CubeCLT_1.16.0/GNU-tools-for-STM32/bin/../lib/gcc/arm-none-eabi/12.3.1/../../../../arm-none-eabi/lib/thumb/v7e-m/nofp\libg.a(libc_a-memset.o)
 .debug_info    0x000031e9      0x10b D:/software/STMicroelectronics/STM32Cube/STM32CubeCLT_1.16.0/GNU-tools-for-STM32/bin/../lib/gcc/arm-none-eabi/12.3.1/../../../../arm-none-eabi/lib/thumb/v7e-m/nofp\libg.a(libc_a-init.o)
 .debug_info    0x000032f4      0x20a D:/software/STMicroelectronics/STM32Cube/STM32CubeCLT_1.16.0/GNU-tools-for-STM32/bin/../lib/gcc/arm-none-eabi/12.3.1/../../../../arm-none-eabi/lib/thumb/v7e-m/nofp\libg.a(libc_a-lock.o)
 .debug_info    0x000034fe      0x2dd D:/software/STMicroelectronics/STM32Cube/STM32CubeCLT_1.16.0/GNU-tools-for-STM32/bin/../lib/gcc/arm-none-eabi/12.3.1/../../../../arm-none-eabi/lib/thumb/v7e-m/nofp\libg.a(libc_a-__call_atexit.o)
 .debug_info    0x000037db      0x118 D:/software/STMicroelectronics/STM32Cube/STM32CubeCLT_1.16.0/GNU-tools-for-STM32/bin/../lib/gcc/arm-none-eabi/12.3.1/../../../../arm-none-eabi/lib/thumb/v7e-m/nofp\libg.a(libc_a-atexit.o)
 .debug_info    0x000038f3       0xf7 D:/software/STMicroelectronics/STM32Cube/STM32CubeCLT_1.16.0/GNU-tools-for-STM32/bin/../lib/gcc/arm-none-eabi/12.3.1/../../../../arm-none-eabi/lib/thumb/v7e-m/nofp\libg.a(libc_a-fini.o)
 .debug_info    0x000039ea      0x25f D:/software/STMicroelectronics/STM32Cube/STM32CubeCLT_1.16.0/GNU-tools-for-STM32/bin/../lib/gcc/arm-none-eabi/12.3.1/../../../../arm-none-eabi/lib/thumb/v7e-m/nofp\libg.a(libc_a-__atexit.o)

.debug_abbrev   0x00000000     0x14a0
 .debug_abbrev  0x00000000      0x1d4 CMakeFiles/LED.elf.dir/Core/Src/main.c.obj
 .debug_abbrev  0x000001d4       0xd6 CMakeFiles/LED.elf.dir/Core/Src/stm32f4xx_hal_msp.c.obj
 .debug_abbrev  0x000002aa       0x7c CMakeFiles/LED.elf.dir/Core/Src/stm32f4xx_it.c.obj
 .debug_abbrev  0x00000326      0x120 CMakeFiles/LED.elf.dir/Core/Src/system_stm32f4xx.c.obj
 .debug_abbrev  0x00000446       0x24 CMakeFiles/LED.elf.dir/Core/Startup/startup_stm32f427iihx.s.obj
 .debug_abbrev  0x0000046a      0x240 CMakeFiles/LED.elf.dir/Drivers/STM32F4xx_HAL_Driver/Src/stm32f4xx_hal.c.obj
 .debug_abbrev  0x000006aa      0x391 CMakeFiles/LED.elf.dir/Drivers/STM32F4xx_HAL_Driver/Src/stm32f4xx_hal_cortex.c.obj
 .debug_abbrev  0x00000a3b      0x2c7 CMakeFiles/LED.elf.dir/Drivers/STM32F4xx_HAL_Driver/Src/stm32f4xx_hal_rcc.c.obj
 .debug_abbrev  0x00000d02       0x9e D:/software/STMicroelectronics/STM32Cube/STM32CubeCLT_1.16.0/GNU-tools-for-STM32/bin/../lib/gcc/arm-none-eabi/12.3.1/../../../../arm-none-eabi/lib/thumb/v7e-m/nofp\libg.a(libc_a-memset.o)
 .debug_abbrev  0x00000da0       0xc9 D:/software/STMicroelectronics/STM32Cube/STM32CubeCLT_1.16.0/GNU-tools-for-STM32/bin/../lib/gcc/arm-none-eabi/12.3.1/../../../../arm-none-eabi/lib/thumb/v7e-m/nofp\libg.a(libc_a-init.o)
 .debug_abbrev  0x00000e69      0x115 D:/software/STMicroelectronics/STM32Cube/STM32CubeCLT_1.16.0/GNU-tools-for-STM32/bin/../lib/gcc/arm-none-eabi/12.3.1/../../../../arm-none-eabi/lib/thumb/v7e-m/nofp\libg.a(libc_a-lock.o)
 .debug_abbrev  0x00000f7e      0x20c D:/software/STMicroelectronics/STM32Cube/STM32CubeCLT_1.16.0/GNU-tools-for-STM32/bin/../lib/gcc/arm-none-eabi/12.3.1/../../../../arm-none-eabi/lib/thumb/v7e-m/nofp\libg.a(libc_a-__call_atexit.o)
 .debug_abbrev  0x0000118a       0xc1 D:/software/STMicroelectronics/STM32Cube/STM32CubeCLT_1.16.0/GNU-tools-for-STM32/bin/../lib/gcc/arm-none-eabi/12.3.1/../../../../arm-none-eabi/lib/thumb/v7e-m/nofp\libg.a(libc_a-atexit.o)
 .debug_abbrev  0x0000124b       0xcc D:/software/STMicroelectronics/STM32Cube/STM32CubeCLT_1.16.0/GNU-tools-for-STM32/bin/../lib/gcc/arm-none-eabi/12.3.1/../../../../arm-none-eabi/lib/thumb/v7e-m/nofp\libg.a(libc_a-fini.o)
 .debug_abbrev  0x00001317      0x189 D:/software/STMicroelectronics/STM32Cube/STM32CubeCLT_1.16.0/GNU-tools-for-STM32/bin/../lib/gcc/arm-none-eabi/12.3.1/../../../../arm-none-eabi/lib/thumb/v7e-m/nofp\libg.a(libc_a-__atexit.o)

.debug_aranges  0x00000000      0x4b0
 .debug_aranges
                0x00000000       0x30 CMakeFiles/LED.elf.dir/Core/Src/main.c.obj
 .debug_aranges
                0x00000030       0x20 CMakeFiles/LED.elf.dir/Core/Src/stm32f4xx_hal_msp.c.obj
 .debug_aranges
                0x00000050       0x60 CMakeFiles/LED.elf.dir/Core/Src/stm32f4xx_it.c.obj
 .debug_aranges
                0x000000b0       0x28 CMakeFiles/LED.elf.dir/Core/Src/system_stm32f4xx.c.obj
 .debug_aranges
                0x000000d8       0x28 CMakeFiles/LED.elf.dir/Core/Startup/startup_stm32f427iihx.s.obj
 .debug_aranges
                0x00000100      0x100 CMakeFiles/LED.elf.dir/Drivers/STM32F4xx_HAL_Driver/Src/stm32f4xx_hal.c.obj
 .debug_aranges
                0x00000200       0xf8 CMakeFiles/LED.elf.dir/Drivers/STM32F4xx_HAL_Driver/Src/stm32f4xx_hal_cortex.c.obj
 .debug_aranges
                0x000002f8       0x88 CMakeFiles/LED.elf.dir/Drivers/STM32F4xx_HAL_Driver/Src/stm32f4xx_hal_rcc.c.obj
 .debug_aranges
                0x00000380       0x20 D:/software/STMicroelectronics/STM32Cube/STM32CubeCLT_1.16.0/GNU-tools-for-STM32/bin/../lib/gcc/arm-none-eabi/12.3.1/../../../../arm-none-eabi/lib/thumb/v7e-m/nofp\libg.a(libc_a-memset.o)
 .debug_aranges
                0x000003a0       0x20 D:/software/STMicroelectronics/STM32Cube/STM32CubeCLT_1.16.0/GNU-tools-for-STM32/bin/../lib/gcc/arm-none-eabi/12.3.1/../../../../arm-none-eabi/lib/thumb/v7e-m/nofp\libg.a(libc_a-init.o)
 .debug_aranges
                0x000003c0       0x68 D:/software/STMicroelectronics/STM32Cube/STM32CubeCLT_1.16.0/GNU-tools-for-STM32/bin/../lib/gcc/arm-none-eabi/12.3.1/../../../../arm-none-eabi/lib/thumb/v7e-m/nofp\libg.a(libc_a-lock.o)
 .debug_aranges
                0x00000428       0x28 D:/software/STMicroelectronics/STM32Cube/STM32CubeCLT_1.16.0/GNU-tools-for-STM32/bin/../lib/gcc/arm-none-eabi/12.3.1/../../../../arm-none-eabi/lib/thumb/v7e-m/nofp\libg.a(libc_a-__call_atexit.o)
 .debug_aranges
                0x00000450       0x20 D:/software/STMicroelectronics/STM32Cube/STM32CubeCLT_1.16.0/GNU-tools-for-STM32/bin/../lib/gcc/arm-none-eabi/12.3.1/../../../../arm-none-eabi/lib/thumb/v7e-m/nofp\libg.a(libc_a-atexit.o)
 .debug_aranges
                0x00000470       0x20 D:/software/STMicroelectronics/STM32Cube/STM32CubeCLT_1.16.0/GNU-tools-for-STM32/bin/../lib/gcc/arm-none-eabi/12.3.1/../../../../arm-none-eabi/lib/thumb/v7e-m/nofp\libg.a(libc_a-fini.o)
 .debug_aranges
                0x00000490       0x20 D:/software/STMicroelectronics/STM32Cube/STM32CubeCLT_1.16.0/GNU-tools-for-STM32/bin/../lib/gcc/arm-none-eabi/12.3.1/../../../../arm-none-eabi/lib/thumb/v7e-m/nofp\libg.a(libc_a-__atexit.o)

.debug_rnglists
                0x00000000      0x361
 .debug_rnglists
                0x00000000       0x20 CMakeFiles/LED.elf.dir/Core/Src/main.c.obj
 .debug_rnglists
                0x00000020       0x13 CMakeFiles/LED.elf.dir/Core/Src/stm32f4xx_hal_msp.c.obj
 .debug_rnglists
                0x00000033       0x43 CMakeFiles/LED.elf.dir/Core/Src/stm32f4xx_it.c.obj
 .debug_rnglists
                0x00000076       0x1a CMakeFiles/LED.elf.dir/Core/Src/system_stm32f4xx.c.obj
 .debug_rnglists
                0x00000090       0x19 CMakeFiles/LED.elf.dir/Core/Startup/startup_stm32f427iihx.s.obj
 .debug_rnglists
                0x000000a9       0xbb CMakeFiles/LED.elf.dir/Drivers/STM32F4xx_HAL_Driver/Src/stm32f4xx_hal.c.obj
 .debug_rnglists
                0x00000164       0xb5 CMakeFiles/LED.elf.dir/Drivers/STM32F4xx_HAL_Driver/Src/stm32f4xx_hal_cortex.c.obj
 .debug_rnglists
                0x00000219       0x75 CMakeFiles/LED.elf.dir/Drivers/STM32F4xx_HAL_Driver/Src/stm32f4xx_hal_rcc.c.obj
 .debug_rnglists
                0x0000028e       0x13 D:/software/STMicroelectronics/STM32Cube/STM32CubeCLT_1.16.0/GNU-tools-for-STM32/bin/../lib/gcc/arm-none-eabi/12.3.1/../../../../arm-none-eabi/lib/thumb/v7e-m/nofp\libg.a(libc_a-memset.o)
 .debug_rnglists
                0x000002a1       0x13 D:/software/STMicroelectronics/STM32Cube/STM32CubeCLT_1.16.0/GNU-tools-for-STM32/bin/../lib/gcc/arm-none-eabi/12.3.1/../../../../arm-none-eabi/lib/thumb/v7e-m/nofp\libg.a(libc_a-init.o)
 .debug_rnglists
                0x000002b4       0x49 D:/software/STMicroelectronics/STM32Cube/STM32CubeCLT_1.16.0/GNU-tools-for-STM32/bin/../lib/gcc/arm-none-eabi/12.3.1/../../../../arm-none-eabi/lib/thumb/v7e-m/nofp\libg.a(libc_a-lock.o)
 .debug_rnglists
                0x000002fd       0x2a D:/software/STMicroelectronics/STM32Cube/STM32CubeCLT_1.16.0/GNU-tools-for-STM32/bin/../lib/gcc/arm-none-eabi/12.3.1/../../../../arm-none-eabi/lib/thumb/v7e-m/nofp\libg.a(libc_a-__call_atexit.o)
 .debug_rnglists
                0x00000327       0x13 D:/software/STMicroelectronics/STM32Cube/STM32CubeCLT_1.16.0/GNU-tools-for-STM32/bin/../lib/gcc/arm-none-eabi/12.3.1/../../../../arm-none-eabi/lib/thumb/v7e-m/nofp\libg.a(libc_a-atexit.o)
 .debug_rnglists
                0x0000033a       0x13 D:/software/STMicroelectronics/STM32Cube/STM32CubeCLT_1.16.0/GNU-tools-for-STM32/bin/../lib/gcc/arm-none-eabi/12.3.1/../../../../arm-none-eabi/lib/thumb/v7e-m/nofp\libg.a(libc_a-fini.o)
 .debug_rnglists
                0x0000034d       0x14 D:/software/STMicroelectronics/STM32Cube/STM32CubeCLT_1.16.0/GNU-tools-for-STM32/bin/../lib/gcc/arm-none-eabi/12.3.1/../../../../arm-none-eabi/lib/thumb/v7e-m/nofp\libg.a(libc_a-__atexit.o)

.debug_line     0x00000000     0x31c5
 .debug_line    0x00000000      0x3b8 CMakeFiles/LED.elf.dir/Core/Src/main.c.obj
 .debug_line    0x000003b8      0x21d CMakeFiles/LED.elf.dir/Core/Src/stm32f4xx_hal_msp.c.obj
 .debug_line    0x000005d5      0x19f CMakeFiles/LED.elf.dir/Core/Src/stm32f4xx_it.c.obj
 .debug_line    0x00000774      0x2e5 CMakeFiles/LED.elf.dir/Core/Src/system_stm32f4xx.c.obj
 .debug_line    0x00000a59       0x7a CMakeFiles/LED.elf.dir/Core/Startup/startup_stm32f427iihx.s.obj
 .debug_line    0x00000ad3      0x68b CMakeFiles/LED.elf.dir/Drivers/STM32F4xx_HAL_Driver/Src/stm32f4xx_hal.c.obj
 .debug_line    0x0000115e      0x940 CMakeFiles/LED.elf.dir/Drivers/STM32F4xx_HAL_Driver/Src/stm32f4xx_hal_cortex.c.obj
 .debug_line    0x00001a9e      0xc15 CMakeFiles/LED.elf.dir/Drivers/STM32F4xx_HAL_Driver/Src/stm32f4xx_hal_rcc.c.obj
 .debug_line    0x000026b3      0x17e D:/software/STMicroelectronics/STM32Cube/STM32CubeCLT_1.16.0/GNU-tools-for-STM32/bin/../lib/gcc/arm-none-eabi/12.3.1/../../../../arm-none-eabi/lib/thumb/v7e-m/nofp\libg.a(libc_a-memset.o)
 .debug_line    0x00002831      0x188 D:/software/STMicroelectronics/STM32Cube/STM32CubeCLT_1.16.0/GNU-tools-for-STM32/bin/../lib/gcc/arm-none-eabi/12.3.1/../../../../arm-none-eabi/lib/thumb/v7e-m/nofp\libg.a(libc_a-init.o)
 .debug_line    0x000029b9      0x19b D:/software/STMicroelectronics/STM32Cube/STM32CubeCLT_1.16.0/GNU-tools-for-STM32/bin/../lib/gcc/arm-none-eabi/12.3.1/../../../../arm-none-eabi/lib/thumb/v7e-m/nofp\libg.a(libc_a-lock.o)
 .debug_line    0x00002b54      0x28a D:/software/STMicroelectronics/STM32Cube/STM32CubeCLT_1.16.0/GNU-tools-for-STM32/bin/../lib/gcc/arm-none-eabi/12.3.1/../../../../arm-none-eabi/lib/thumb/v7e-m/nofp\libg.a(libc_a-__call_atexit.o)
 .debug_line    0x00002dde      0x102 D:/software/STMicroelectronics/STM32Cube/STM32CubeCLT_1.16.0/GNU-tools-for-STM32/bin/../lib/gcc/arm-none-eabi/12.3.1/../../../../arm-none-eabi/lib/thumb/v7e-m/nofp\libg.a(libc_a-atexit.o)
 .debug_line    0x00002ee0      0x140 D:/software/STMicroelectronics/STM32Cube/STM32CubeCLT_1.16.0/GNU-tools-for-STM32/bin/../lib/gcc/arm-none-eabi/12.3.1/../../../../arm-none-eabi/lib/thumb/v7e-m/nofp\libg.a(libc_a-fini.o)
 .debug_line    0x00003020      0x1a5 D:/software/STMicroelectronics/STM32Cube/STM32CubeCLT_1.16.0/GNU-tools-for-STM32/bin/../lib/gcc/arm-none-eabi/12.3.1/../../../../arm-none-eabi/lib/thumb/v7e-m/nofp\libg.a(libc_a-__atexit.o)

.debug_str      0x00000000     0x1d8a
 .debug_str     0x00000000      0x44b CMakeFiles/LED.elf.dir/Core/Src/main.c.obj
                                0x49c (size before relaxing)
 .debug_str     0x0000044b       0x3c CMakeFiles/LED.elf.dir/Core/Src/stm32f4xx_hal_msp.c.obj
                                0x2d6 (size before relaxing)
 .debug_str     0x00000487       0xc7 CMakeFiles/LED.elf.dir/Core/Src/stm32f4xx_it.c.obj
                                0x237 (size before relaxing)
 .debug_str     0x0000054e       0x97 CMakeFiles/LED.elf.dir/Core/Src/system_stm32f4xx.c.obj
                                0x33c (size before relaxing)
 .debug_str     0x000005e5       0x54 CMakeFiles/LED.elf.dir/Core/Startup/startup_stm32f427iihx.s.obj
                                 0x79 (size before relaxing)
 .debug_str     0x00000639      0x8fb CMakeFiles/LED.elf.dir/Drivers/STM32F4xx_HAL_Driver/Src/stm32f4xx_hal.c.obj
                                0xc07 (size before relaxing)
 .debug_str     0x00000f34      0x507 CMakeFiles/LED.elf.dir/Drivers/STM32F4xx_HAL_Driver/Src/stm32f4xx_hal_cortex.c.obj
                                0xcca (size before relaxing)
 .debug_str     0x0000143b      0x23b CMakeFiles/LED.elf.dir/Drivers/STM32F4xx_HAL_Driver/Src/stm32f4xx_hal_rcc.c.obj
                                0x721 (size before relaxing)
 .debug_str     0x00001676      0x16a D:/software/STMicroelectronics/STM32Cube/STM32CubeCLT_1.16.0/GNU-tools-for-STM32/bin/../lib/gcc/arm-none-eabi/12.3.1/../../../../arm-none-eabi/lib/thumb/v7e-m/nofp\libg.a(libc_a-memset.o)
                                0x206 (size before relaxing)
 .debug_str     0x000017e0       0xbc D:/software/STMicroelectronics/STM32Cube/STM32CubeCLT_1.16.0/GNU-tools-for-STM32/bin/../lib/gcc/arm-none-eabi/12.3.1/../../../../arm-none-eabi/lib/thumb/v7e-m/nofp\libg.a(libc_a-init.o)
                                0x267 (size before relaxing)
 .debug_str     0x0000189c      0x266 D:/software/STMicroelectronics/STM32Cube/STM32CubeCLT_1.16.0/GNU-tools-for-STM32/bin/../lib/gcc/arm-none-eabi/12.3.1/../../../../arm-none-eabi/lib/thumb/v7e-m/nofp\libg.a(libc_a-lock.o)
                                0x379 (size before relaxing)
 .debug_str     0x00001b02      0x105 D:/software/STMicroelectronics/STM32Cube/STM32CubeCLT_1.16.0/GNU-tools-for-STM32/bin/../lib/gcc/arm-none-eabi/12.3.1/../../../../arm-none-eabi/lib/thumb/v7e-m/nofp\libg.a(libc_a-__call_atexit.o)
                                0x343 (size before relaxing)
 .debug_str     0x00001c07       0x9e D:/software/STMicroelectronics/STM32Cube/STM32CubeCLT_1.16.0/GNU-tools-for-STM32/bin/../lib/gcc/arm-none-eabi/12.3.1/../../../../arm-none-eabi/lib/thumb/v7e-m/nofp\libg.a(libc_a-atexit.o)
                                0x243 (size before relaxing)
 .debug_str     0x00001ca5       0x7a D:/software/STMicroelectronics/STM32Cube/STM32CubeCLT_1.16.0/GNU-tools-for-STM32/bin/../lib/gcc/arm-none-eabi/12.3.1/../../../../arm-none-eabi/lib/thumb/v7e-m/nofp\libg.a(libc_a-fini.o)
                                0x23d (size before relaxing)
 .debug_str     0x00001d1f       0x6b D:/software/STMicroelectronics/STM32Cube/STM32CubeCLT_1.16.0/GNU-tools-for-STM32/bin/../lib/gcc/arm-none-eabi/12.3.1/../../../../arm-none-eabi/lib/thumb/v7e-m/nofp\libg.a(libc_a-__atexit.o)
                                0x31a (size before relaxing)

.comment        0x00000000       0x43
 .comment       0x00000000       0x43 CMakeFiles/LED.elf.dir/Core/Src/main.c.obj
                                 0x44 (size before relaxing)
 .comment       0x00000043       0x44 CMakeFiles/LED.elf.dir/Core/Src/stm32f4xx_hal_msp.c.obj
 .comment       0x00000043       0x44 CMakeFiles/LED.elf.dir/Core/Src/stm32f4xx_it.c.obj
 .comment       0x00000043       0x44 CMakeFiles/LED.elf.dir/Core/Src/system_stm32f4xx.c.obj
 .comment       0x00000043       0x44 CMakeFiles/LED.elf.dir/Drivers/STM32F4xx_HAL_Driver/Src/stm32f4xx_hal.c.obj
 .comment       0x00000043       0x44 CMakeFiles/LED.elf.dir/Drivers/STM32F4xx_HAL_Driver/Src/stm32f4xx_hal_cortex.c.obj
 .comment       0x00000043       0x44 CMakeFiles/LED.elf.dir/Drivers/STM32F4xx_HAL_Driver/Src/stm32f4xx_hal_rcc.c.obj
 .comment       0x00000043       0x44 D:/software/STMicroelectronics/STM32Cube/STM32CubeCLT_1.16.0/GNU-tools-for-STM32/bin/../lib/gcc/arm-none-eabi/12.3.1/../../../../arm-none-eabi/lib/thumb/v7e-m/nofp\libg.a(libc_a-memset.o)
 .comment       0x00000043       0x44 D:/software/STMicroelectronics/STM32Cube/STM32CubeCLT_1.16.0/GNU-tools-for-STM32/bin/../lib/gcc/arm-none-eabi/12.3.1/../../../../arm-none-eabi/lib/thumb/v7e-m/nofp\libg.a(libc_a-init.o)
 .comment       0x00000043       0x44 D:/software/STMicroelectronics/STM32Cube/STM32CubeCLT_1.16.0/GNU-tools-for-STM32/bin/../lib/gcc/arm-none-eabi/12.3.1/../../../../arm-none-eabi/lib/thumb/v7e-m/nofp\libg.a(libc_a-lock.o)
 .comment       0x00000043       0x44 D:/software/STMicroelectronics/STM32Cube/STM32CubeCLT_1.16.0/GNU-tools-for-STM32/bin/../lib/gcc/arm-none-eabi/12.3.1/../../../../arm-none-eabi/lib/thumb/v7e-m/nofp\libg.a(libc_a-__call_atexit.o)
 .comment       0x00000043       0x44 D:/software/STMicroelectronics/STM32Cube/STM32CubeCLT_1.16.0/GNU-tools-for-STM32/bin/../lib/gcc/arm-none-eabi/12.3.1/../../../../arm-none-eabi/lib/thumb/v7e-m/nofp\libg.a(libc_a-atexit.o)
 .comment       0x00000043       0x44 D:/software/STMicroelectronics/STM32Cube/STM32CubeCLT_1.16.0/GNU-tools-for-STM32/bin/../lib/gcc/arm-none-eabi/12.3.1/../../../../arm-none-eabi/lib/thumb/v7e-m/nofp\libg.a(libc_a-fini.o)
 .comment       0x00000043       0x44 D:/software/STMicroelectronics/STM32Cube/STM32CubeCLT_1.16.0/GNU-tools-for-STM32/bin/../lib/gcc/arm-none-eabi/12.3.1/../../../../arm-none-eabi/lib/thumb/v7e-m/nofp\libg.a(libc_a-__atexit.o)

.debug_frame    0x00000000      0x924
 .debug_frame   0x00000000       0x58 CMakeFiles/LED.elf.dir/Core/Src/main.c.obj
 .debug_frame   0x00000058       0x28 CMakeFiles/LED.elf.dir/Core/Src/stm32f4xx_hal_msp.c.obj
 .debug_frame   0x00000080       0xa8 CMakeFiles/LED.elf.dir/Core/Src/stm32f4xx_it.c.obj
 .debug_frame   0x00000128       0x30 CMakeFiles/LED.elf.dir/Core/Src/system_stm32f4xx.c.obj
 .debug_frame   0x00000158      0x20c CMakeFiles/LED.elf.dir/Drivers/STM32F4xx_HAL_Driver/Src/stm32f4xx_hal.c.obj
 .debug_frame   0x00000364      0x214 CMakeFiles/LED.elf.dir/Drivers/STM32F4xx_HAL_Driver/Src/stm32f4xx_hal_cortex.c.obj
 .debug_frame   0x00000578      0x16c CMakeFiles/LED.elf.dir/Drivers/STM32F4xx_HAL_Driver/Src/stm32f4xx_hal_rcc.c.obj
 .debug_frame   0x000006e4       0x2c D:/software/STMicroelectronics/STM32Cube/STM32CubeCLT_1.16.0/GNU-tools-for-STM32/bin/../lib/gcc/arm-none-eabi/12.3.1/thumb/v7e-m/nofp\libgcc.a(_aeabi_uldivmod.o)
 .debug_frame   0x00000710       0x34 D:/software/STMicroelectronics/STM32Cube/STM32CubeCLT_1.16.0/GNU-tools-for-STM32/bin/../lib/gcc/arm-none-eabi/12.3.1/thumb/v7e-m/nofp\libgcc.a(_udivmoddi4.o)
 .debug_frame   0x00000744       0x20 D:/software/STMicroelectronics/STM32Cube/STM32CubeCLT_1.16.0/GNU-tools-for-STM32/bin/../lib/gcc/arm-none-eabi/12.3.1/../../../../arm-none-eabi/lib/thumb/v7e-m/nofp\libg.a(libc_a-memset.o)
 .debug_frame   0x00000764       0x2c D:/software/STMicroelectronics/STM32Cube/STM32CubeCLT_1.16.0/GNU-tools-for-STM32/bin/../lib/gcc/arm-none-eabi/12.3.1/../../../../arm-none-eabi/lib/thumb/v7e-m/nofp\libg.a(libc_a-init.o)
 .debug_frame   0x00000790       0xb0 D:/software/STMicroelectronics/STM32Cube/STM32CubeCLT_1.16.0/GNU-tools-for-STM32/bin/../lib/gcc/arm-none-eabi/12.3.1/../../../../arm-none-eabi/lib/thumb/v7e-m/nofp\libg.a(libc_a-lock.o)
 .debug_frame   0x00000840       0x58 D:/software/STMicroelectronics/STM32Cube/STM32CubeCLT_1.16.0/GNU-tools-for-STM32/bin/../lib/gcc/arm-none-eabi/12.3.1/../../../../arm-none-eabi/lib/thumb/v7e-m/nofp\libg.a(libc_a-__call_atexit.o)
 .debug_frame   0x00000898       0x20 D:/software/STMicroelectronics/STM32Cube/STM32CubeCLT_1.16.0/GNU-tools-for-STM32/bin/../lib/gcc/arm-none-eabi/12.3.1/../../../../arm-none-eabi/lib/thumb/v7e-m/nofp\libg.a(libc_a-atexit.o)
 .debug_frame   0x000008b8       0x38 D:/software/STMicroelectronics/STM32Cube/STM32CubeCLT_1.16.0/GNU-tools-for-STM32/bin/../lib/gcc/arm-none-eabi/12.3.1/../../../../arm-none-eabi/lib/thumb/v7e-m/nofp\libg.a(libc_a-fini.o)
 .debug_frame   0x000008f0       0x34 D:/software/STMicroelectronics/STM32Cube/STM32CubeCLT_1.16.0/GNU-tools-for-STM32/bin/../lib/gcc/arm-none-eabi/12.3.1/../../../../arm-none-eabi/lib/thumb/v7e-m/nofp\libg.a(libc_a-__atexit.o)

.debug_loclists
                0x00000000      0xbfb
 .debug_loclists
                0x00000000       0xdb CMakeFiles/LED.elf.dir/Core/Src/system_stm32f4xx.c.obj
 .debug_loclists
                0x000000db       0xc9 CMakeFiles/LED.elf.dir/Drivers/STM32F4xx_HAL_Driver/Src/stm32f4xx_hal.c.obj
 .debug_loclists
                0x000001a4      0x439 CMakeFiles/LED.elf.dir/Drivers/STM32F4xx_HAL_Driver/Src/stm32f4xx_hal_cortex.c.obj
 .debug_loclists
                0x000005dd      0x3a9 CMakeFiles/LED.elf.dir/Drivers/STM32F4xx_HAL_Driver/Src/stm32f4xx_hal_rcc.c.obj
 .debug_loclists
                0x00000986       0x47 D:/software/STMicroelectronics/STM32Cube/STM32CubeCLT_1.16.0/GNU-tools-for-STM32/bin/../lib/gcc/arm-none-eabi/12.3.1/../../../../arm-none-eabi/lib/thumb/v7e-m/nofp\libg.a(libc_a-memset.o)
 .debug_loclists
                0x000009cd       0x44 D:/software/STMicroelectronics/STM32Cube/STM32CubeCLT_1.16.0/GNU-tools-for-STM32/bin/../lib/gcc/arm-none-eabi/12.3.1/../../../../arm-none-eabi/lib/thumb/v7e-m/nofp\libg.a(libc_a-init.o)
 .debug_loclists
                0x00000a11       0x23 D:/software/STMicroelectronics/STM32Cube/STM32CubeCLT_1.16.0/GNU-tools-for-STM32/bin/../lib/gcc/arm-none-eabi/12.3.1/../../../../arm-none-eabi/lib/thumb/v7e-m/nofp\libg.a(libc_a-lock.o)
 .debug_loclists
                0x00000a34       0xd4 D:/software/STMicroelectronics/STM32Cube/STM32CubeCLT_1.16.0/GNU-tools-for-STM32/bin/../lib/gcc/arm-none-eabi/12.3.1/../../../../arm-none-eabi/lib/thumb/v7e-m/nofp\libg.a(libc_a-__call_atexit.o)
 .debug_loclists
                0x00000b08       0x2a D:/software/STMicroelectronics/STM32Cube/STM32CubeCLT_1.16.0/GNU-tools-for-STM32/bin/../lib/gcc/arm-none-eabi/12.3.1/../../../../arm-none-eabi/lib/thumb/v7e-m/nofp\libg.a(libc_a-atexit.o)
 .debug_loclists
                0x00000b32       0x3b D:/software/STMicroelectronics/STM32Cube/STM32CubeCLT_1.16.0/GNU-tools-for-STM32/bin/../lib/gcc/arm-none-eabi/12.3.1/../../../../arm-none-eabi/lib/thumb/v7e-m/nofp\libg.a(libc_a-fini.o)
 .debug_loclists
                0x00000b6d       0x8e D:/software/STMicroelectronics/STM32Cube/STM32CubeCLT_1.16.0/GNU-tools-for-STM32/bin/../lib/gcc/arm-none-eabi/12.3.1/../../../../arm-none-eabi/lib/thumb/v7e-m/nofp\libg.a(libc_a-__atexit.o)

.debug_line_str
                0x00000000       0x5d
 .debug_line_str
                0x00000000       0x5d CMakeFiles/LED.elf.dir/Core/Startup/startup_stm32f427iihx.s.obj
